error[E0119]: conflicting implementations of trait `std::marker::Unpin` for type `Foo<_>`:
  --> $DIR/marker_trait_attr.rs:14:1
   |
14 | #[pin_project] //~ ERROR E0119
   | ^^^^^^^^^^^^^^ conflicting implementation for `Foo<_>`
...
21 | impl<T> Unpin for Foo<T> {}
   | ------------------------ first implementation here

error: aborting due to previous error

For more information about this error, try `rustc --explain E0119`.
