error[E0277]: the trait bound `std::marker::PhantomPinned: std::marker::Unpin` is not satisfied in `UnpinStructFoo`
  --> $DIR/trivial_bounds-feature-gate.rs:10:1
   |
10 | #[pin_project] //~ ERROR E0277
   | ^^^^^^^^^^^^^^ within `UnpinStructFoo`, the trait `std::marker::Unpin` is not implemented for `std::marker::PhantomPinned`
   |
   = help: the following implementations were found:
             <std::marker::PhantomPinned as std::marker::Unpin>
   = note: required because it appears within the type `Inner`
   = note: required because it appears within the type `UnpinStructFoo`
   = help: see issue #48214
   = help: add `#![feature(trivial_bounds)]` to the crate attributes to enable

error: aborting due to previous error

For more information about this error, try `rustc --explain E0277`.
