error: #[pinned_drop] function must return the unit type
  --> $DIR/return-type.rs:16:43
   |
16 |     fn do_drop(foo: Pin<&mut Foo<'_>>) -> bool { //~ ERROR #[pinned_drop] function must return the unit type
   |                                           ^^^^

error: aborting due to previous error

